Validation Warning: [ VALIDATION-SETTINGS ] | MessageID = 0x7f1922d7
vkCreateInstance(): Both GPU Assisted Validation and Normal Core Check Validation are enabled, this is not recommend as it  will be very slow. Once all errors in Core Check are solved, please disable, then only use GPU-AV for best performance.

Validation Warning: [ VALIDATION-SETTINGS ] | MessageID = 0x7f1922d7
vkCreateInstance(): Shader Validation was explicitly turned off, but the SPIR-V still needs to be stored, but not validated, in order for GPU-AV/DebugPrintf to get information from the original SPIR-V.

Validation Warning: [ WARNING-Setting-Limit-Adjusted ] | MessageID = 0x86fe6721
vkCreateDevice(): Warning that validation is adjusting settings:
	Adding a VkPhysicalDeviceVulkanMemoryModelFeatures to pNext with vulkanMemoryModel and vulkanMemoryModelDeviceScope set to VK_TRUE
	Adding a VkPhysicalDeviceBufferDeviceAddressFeatures to pNext with bufferDeviceAddress set to VK_TRUE
	Adding a VkPhysicalDeviceScalarBlockLayoutFeatures to pNext with scalarBlockLayout set to VK_TRUE
	Adding a VkPhysicalDevice8BitStorageFeatures to pNext with storageBuffer8BitAccess set to VK_TRUE
	Adding a VkPhysicalDevice16BitStorageFeatures to pNext with storageBuffer16BitAccess set to VK_TRUE


Validation Warning: [ WARNING-Setting-Limit-Adjusted ] | MessageID = 0x86fe6721
vkCreateDevice(): Warning that validation is adjusting settings:
	Ray Query validation option was enabled, but the rayQuery feature is not supported. [Disabling gpuav_validate_ray_query]
	Ray Hit Object validation option was enabled, but the rayTracingInvocationReorder feature is not supported. [Disabling gpuav_validate_ray_hit_object]
	Mesh Shading validation option was enabled, but the meshShader feature is not supported. [Disabling gpuav_mesh_shading]


Validation Error: [ VUID-vkResetFences-pFences-01123 ] | MessageID = 0x68a5074e
vkResetFences(): pFences[0] (VkFence 0x2c700000002c7) is in use.
The Vulkan spec states: Each element of pFences must not be currently associated with any queue command that has not yet completed execution on that queue (https://docs.vulkan.org/spec/latest/chapters/synchronization.html#VUID-vkResetFences-pFences-01123)
Objects: 1
    [0] VkFence 0x2c700000002c7

Validation Error: [ VUID-vkResetFences-pFences-01123 ] | MessageID = 0x68a5074e
vkResetFences(): pFences[0] (VkFence 0x2c800000002c8) is in use.
The Vulkan spec states: Each element of pFences must not be currently associated with any queue command that has not yet completed execution on that queue (https://docs.vulkan.org/spec/latest/chapters/synchronization.html#VUID-vkResetFences-pFences-01123)
Objects: 1
    [0] VkFence 0x2c800000002c8

Validation Error: [ VUID-vkResetFences-pFences-01123 ] | MessageID = 0x68a5074e
vkResetFences(): pFences[0] (VkFence 0x2c900000002c9) is in use.
The Vulkan spec states: Each element of pFences must not be currently associated with any queue command that has not yet completed execution on that queue (https://docs.vulkan.org/spec/latest/chapters/synchronization.html#VUID-vkResetFences-pFences-01123)
Objects: 1
    [0] VkFence 0x2c900000002c9

Validation Error: [ VUID-vkResetFences-pFences-01123 ] | MessageID = 0x68a5074e
vkResetFences(): pFences[0] (VkFence 0x2ca00000002ca) is in use.
The Vulkan spec states: Each element of pFences must not be currently associated with any queue command that has not yet completed execution on that queue (https://docs.vulkan.org/spec/latest/chapters/synchronization.html#VUID-vkResetFences-pFences-01123)
Objects: 1
    [0] VkFence 0x2ca00000002ca

Validation Error: [ VUID-vkResetFences-pFences-01123 ] | MessageID = 0x68a5074e
vkResetFences(): pFences[0] (VkFence 0x2cb00000002cb) is in use.
The Vulkan spec states: Each element of pFences must not be currently associated with any queue command that has not yet completed execution on that queue (https://docs.vulkan.org/spec/latest/chapters/synchronization.html#VUID-vkResetFences-pFences-01123)
Objects: 1
    [0] VkFence 0x2cb00000002cb

Validation Error: [ VUID-vkResetFences-pFences-01123 ] | MessageID = 0x68a5074e
vkResetFences(): pFences[0] (VkFence 0x2cc00000002cc) is in use.
The Vulkan spec states: Each element of pFences must not be currently associated with any queue command that has not yet completed execution on that queue (https://docs.vulkan.org/spec/latest/chapters/synchronization.html#VUID-vkResetFences-pFences-01123)
Objects: 1
    [0] VkFence 0x2cc00000002cc

Validation Error: [ VUID-vkResetFences-pFences-01123 ] | MessageID = 0x68a5074e
vkResetFences(): pFences[0] (VkFence 0x2cd00000002cd) is in use.
The Vulkan spec states: Each element of pFences must not be currently associated with any queue command that has not yet completed execution on that queue (https://docs.vulkan.org/spec/latest/chapters/synchronization.html#VUID-vkResetFences-pFences-01123)
Objects: 1
    [0] VkFence 0x2cd00000002cd

Validation Error: [ VUID-vkResetFences-pFences-01123 ] | MessageID = 0x68a5074e
vkResetFences(): pFences[0] (VkFence 0x2ce00000002ce) is in use.
The Vulkan spec states: Each element of pFences must not be currently associated with any queue command that has not yet completed execution on that queue (https://docs.vulkan.org/spec/latest/chapters/synchronization.html#VUID-vkResetFences-pFences-01123)
Objects: 1
    [0] VkFence 0x2ce00000002ce

Validation Error: [ VUID-vkResetFences-pFences-01123 ] | MessageID = 0x68a5074e
vkResetFences(): pFences[0] (VkFence 0x2cf00000002cf) is in use.
The Vulkan spec states: Each element of pFences must not be currently associated with any queue command that has not yet completed execution on that queue (https://docs.vulkan.org/spec/latest/chapters/synchronization.html#VUID-vkResetFences-pFences-01123)
Objects: 1
    [0] VkFence 0x2cf00000002cf

Validation Error: [ VUID-vkCmdDrawIndexed-None-02721 ] | MessageID = 0x24afafc5
[ Debug region: CommandBuffer[9] ] vkCmdDrawIndexed(): Vertex index 1680, using VK_VERTEX_INPUT_RATE_VERTEX, has caused an OOB access within a bound vertex buffer.
Vertex Buffer (VkBuffer 0x2df00000002df) binding info:
  - Binding: 0
  - Offset: 0 bytes
  - Effective Size: 26896 bytes
  - Vertices Count: 1680
  - Stride: 16 bytes
The following VkVertexInputAttributeDescription caused OOB access:
  - Location: 2
  - Binding: 0
  - Format: VK_FORMAT_R32_SFLOAT
  - Offset: 16 bytes
Index Buffer (VkBuffer 0x2e100000002e1) binding info:
  - Type: VK_INDEX_TYPE_UINT16
  - Offset: 0 bytes
  - Size: 19200 bytes (sizeof(VK_INDEX_TYPE_UINT16) * 9600)
Note: Vertex buffer binding size is the effective, valid one, based on how the VkBuffer was created and the vkCmdBindVertexBuffers parameters. So it can be clamped up to 0 if binding was invalid.
Stage = Vertex. Vertex Index = 1680 Instance Index = 0. 
Command buffer (0x5d86aa220630)
	Draw Index 0
Shader Module (0x1c100000001c1) (internal ID 1)
(This check was instrumented at the start of your entrypoint function)
The Vulkan spec states: If the robustBufferAccess feature is not enabled, and that pipeline was created without enabling VK_PIPELINE_ROBUSTNESS_BUFFER_BEHAVIOR_ROBUST_BUFFER_ACCESS for vertexInputs, then for a given vertex buffer binding, any attribute data fetched must be entirely contained within the corresponding vertex buffer binding, as described in Vertex Input Description (https://docs.vulkan.org/spec/latest/chapters/drawing.html#VUID-vkCmdDrawIndexed-None-02721)
Objects: 4
    [0] VkQueue 0x5d86a87dc4d0
    [1] VkCommandBuffer 0x5d86aa220630
    [2] VkPipeline 0x3010000000301
    [3] VkRenderPass 0x2fa00000002fa

Validation Error: [ VUID-vkCmdDrawIndexed-None-02721 ] | MessageID = 0x24afafc5
[ Debug region: CommandBuffer[9] ] vkCmdDrawIndexed(): Vertex index 1680, using VK_VERTEX_INPUT_RATE_VERTEX, has caused an OOB access within a bound vertex buffer.
Vertex Buffer (VkBuffer 0x2df00000002df) binding info:
  - Binding: 0
  - Offset: 0 bytes
  - Effective Size: 26896 bytes
  - Vertices Count: 1680
  - Stride: 16 bytes
The following VkVertexInputAttributeDescription caused OOB access:
  - Location: 2
  - Binding: 0
  - Format: VK_FORMAT_R32_SFLOAT
  - Offset: 16 bytes
Index Buffer (VkBuffer 0x2e100000002e1) binding info:
  - Type: VK_INDEX_TYPE_UINT16
  - Offset: 0 bytes
  - Size: 19200 bytes (sizeof(VK_INDEX_TYPE_UINT16) * 9600)
Note: Vertex buffer binding size is the effective, valid one, based on how the VkBuffer was created and the vkCmdBindVertexBuffers parameters. So it can be clamped up to 0 if binding was invalid.
Stage = Vertex. Vertex Index = 1680 Instance Index = 0. 
Command buffer (0x5d86aa220630)
	Draw Index 1
Shader Module (0x1c100000001c1) (internal ID 1)
(This check was instrumented at the start of your entrypoint function)
The Vulkan spec states: If the robustBufferAccess feature is not enabled, and that pipeline was created without enabling VK_PIPELINE_ROBUSTNESS_BUFFER_BEHAVIOR_ROBUST_BUFFER_ACCESS for vertexInputs, then for a given vertex buffer binding, any attribute data fetched must be entirely contained within the corresponding vertex buffer binding, as described in Vertex Input Description (https://docs.vulkan.org/spec/latest/chapters/drawing.html#VUID-vkCmdDrawIndexed-None-02721)
Objects: 4
    [0] VkQueue 0x5d86a87dc4d0
    [1] VkCommandBuffer 0x5d86aa220630
    [2] VkPipeline 0x3010000000301
    [3] VkRenderPass 0x2fa00000002fa

Validation Error: [ VUID-vkCmdDrawIndexed-None-02721 ] | MessageID = 0x24afafc5
[ Debug region: CommandBuffer[9] ] vkCmdDrawIndexed(): Vertex index 1680, using VK_VERTEX_INPUT_RATE_VERTEX, has caused an OOB access within a bound vertex buffer.
Vertex Buffer (VkBuffer 0x2df00000002df) binding info:
  - Binding: 0
  - Offset: 0 bytes
  - Effective Size: 26896 bytes
  - Vertices Count: 1680
  - Stride: 16 bytes
The following VkVertexInputAttributeDescription caused OOB access:
  - Location: 2
  - Binding: 0
  - Format: VK_FORMAT_R32_SFLOAT
  - Offset: 16 bytes
Index Buffer (VkBuffer 0x2e100000002e1) binding info:
  - Type: VK_INDEX_TYPE_UINT16
  - Offset: 0 bytes
  - Size: 19200 bytes (sizeof(VK_INDEX_TYPE_UINT16) * 9600)
Note: Vertex buffer binding size is the effective, valid one, based on how the VkBuffer was created and the vkCmdBindVertexBuffers parameters. So it can be clamped up to 0 if binding was invalid.
Stage = Vertex. Vertex Index = 1680 Instance Index = 0. 
Command buffer (0x5d86aa220630)
	Draw Index 2
Shader Module (0x1c100000001c1) (internal ID 1)
(This check was instrumented at the start of your entrypoint function)
The Vulkan spec states: If the robustBufferAccess feature is not enabled, and that pipeline was created without enabling VK_PIPELINE_ROBUSTNESS_BUFFER_BEHAVIOR_ROBUST_BUFFER_ACCESS for vertexInputs, then for a given vertex buffer binding, any attribute data fetched must be entirely contained within the corresponding vertex buffer binding, as described in Vertex Input Description (https://docs.vulkan.org/spec/latest/chapters/drawing.html#VUID-vkCmdDrawIndexed-None-02721)
Objects: 4
    [0] VkQueue 0x5d86a87dc4d0
    [1] VkCommandBuffer 0x5d86aa220630
    [2] VkPipeline 0x3010000000301
    [3] VkRenderPass 0x2fa00000002fa

Validation Error: [ VUID-vkCmdDrawIndexed-None-02721 ] | MessageID = 0x24afafc5
[ Debug region: CommandBuffer[9] ] vkCmdDrawIndexed(): Vertex index 1680, using VK_VERTEX_INPUT_RATE_VERTEX, has caused an OOB access within a bound vertex buffer.
Vertex Buffer (VkBuffer 0x2df00000002df) binding info:
  - Binding: 0
  - Offset: 0 bytes
  - Effective Size: 26896 bytes
  - Vertices Count: 1680
  - Stride: 16 bytes
The following VkVertexInputAttributeDescription caused OOB access:
  - Location: 2
  - Binding: 0
  - Format: VK_FORMAT_R32_SFLOAT
  - Offset: 16 bytes
Index Buffer (VkBuffer 0x2e100000002e1) binding info:
  - Type: VK_INDEX_TYPE_UINT16
  - Offset: 0 bytes
  - Size: 19200 bytes (sizeof(VK_INDEX_TYPE_UINT16) * 9600)
Note: Vertex buffer binding size is the effective, valid one, based on how the VkBuffer was created and the vkCmdBindVertexBuffers parameters. So it can be clamped up to 0 if binding was invalid.
Stage = Vertex. Vertex Index = 1680 Instance Index = 0. 
Command buffer (0x5d86aa220630)
	Draw Index 3
Shader Module (0x1c100000001c1) (internal ID 1)
(This check was instrumented at the start of your entrypoint function)
The Vulkan spec states: If the robustBufferAccess feature is not enabled, and that pipeline was created without enabling VK_PIPELINE_ROBUSTNESS_BUFFER_BEHAVIOR_ROBUST_BUFFER_ACCESS for vertexInputs, then for a given vertex buffer binding, any attribute data fetched must be entirely contained within the corresponding vertex buffer binding, as described in Vertex Input Description (https://docs.vulkan.org/spec/latest/chapters/drawing.html#VUID-vkCmdDrawIndexed-None-02721)
Objects: 4
    [0] VkQueue 0x5d86a87dc4d0
    [1] VkCommandBuffer 0x5d86aa220630
    [2] VkPipeline 0x3010000000301
    [3] VkRenderPass 0x2fa00000002fa

Validation Error: [ VUID-vkCmdDrawIndexed-None-02721 ] | MessageID = 0x24afafc5
[ Debug region: CommandBuffer[9] ] vkCmdDrawIndexed(): Vertex index 1680, using VK_VERTEX_INPUT_RATE_VERTEX, has caused an OOB access within a bound vertex buffer.
Vertex Buffer (VkBuffer 0x2df00000002df) binding info:
  - Binding: 0
  - Offset: 0 bytes
  - Effective Size: 26896 bytes
  - Vertices Count: 1680
  - Stride: 16 bytes
The following VkVertexInputAttributeDescription caused OOB access:
  - Location: 2
  - Binding: 0
  - Format: VK_FORMAT_R32_SFLOAT
  - Offset: 16 bytes
Index Buffer (VkBuffer 0x2e100000002e1) binding info:
  - Type: VK_INDEX_TYPE_UINT16
  - Offset: 0 bytes
  - Size: 19200 bytes (sizeof(VK_INDEX_TYPE_UINT16) * 9600)
Note: Vertex buffer binding size is the effective, valid one, based on how the VkBuffer was created and the vkCmdBindVertexBuffers parameters. So it can be clamped up to 0 if binding was invalid.
Stage = Vertex. Vertex Index = 1680 Instance Index = 0. 
Command buffer (0x5d86aa220630)
	Draw Index 4
Shader Module (0x1c100000001c1) (internal ID 1)
(This check was instrumented at the start of your entrypoint function)
The Vulkan spec states: If the robustBufferAccess feature is not enabled, and that pipeline was created without enabling VK_PIPELINE_ROBUSTNESS_BUFFER_BEHAVIOR_ROBUST_BUFFER_ACCESS for vertexInputs, then for a given vertex buffer binding, any attribute data fetched must be entirely contained within the corresponding vertex buffer binding, as described in Vertex Input Description (https://docs.vulkan.org/spec/latest/chapters/drawing.html#VUID-vkCmdDrawIndexed-None-02721)
Objects: 4
    [0] VkQueue 0x5d86a87dc4d0
    [1] VkCommandBuffer 0x5d86aa220630
    [2] VkPipeline 0x3010000000301
    [3] VkRenderPass 0x2fa00000002fa

Validation Error: [ VUID-vkCmdDrawIndexed-None-02721 ] | MessageID = 0x24afafc5
[ Debug region: CommandBuffer[9] ] vkCmdDrawIndexed(): Vertex index 1680, using VK_VERTEX_INPUT_RATE_VERTEX, has caused an OOB access within a bound vertex buffer.
Vertex Buffer (VkBuffer 0x2df00000002df) binding info:
  - Binding: 0
  - Offset: 0 bytes
  - Effective Size: 26896 bytes
  - Vertices Count: 1680
  - Stride: 16 bytes
The following VkVertexInputAttributeDescription caused OOB access:
  - Location: 2
  - Binding: 0
  - Format: VK_FORMAT_R32_SFLOAT
  - Offset: 16 bytes
Index Buffer (VkBuffer 0x2e100000002e1) binding info:
  - Type: VK_INDEX_TYPE_UINT16
  - Offset: 0 bytes
  - Size: 19200 bytes (sizeof(VK_INDEX_TYPE_UINT16) * 9600)
Note: Vertex buffer binding size is the effective, valid one, based on how the VkBuffer was created and the vkCmdBindVertexBuffers parameters. So it can be clamped up to 0 if binding was invalid.
Stage = Vertex. Vertex Index = 1680 Instance Index = 0. 
Command buffer (0x5d86aa220630)
	Draw Index 5
Shader Module (0x1c100000001c1) (internal ID 1)
(This check was instrumented at the start of your entrypoint function)
The Vulkan spec states: If the robustBufferAccess feature is not enabled, and that pipeline was created without enabling VK_PIPELINE_ROBUSTNESS_BUFFER_BEHAVIOR_ROBUST_BUFFER_ACCESS for vertexInputs, then for a given vertex buffer binding, any attribute data fetched must be entirely contained within the corresponding vertex buffer binding, as described in Vertex Input Description (https://docs.vulkan.org/spec/latest/chapters/drawing.html#VUID-vkCmdDrawIndexed-None-02721)
Objects: 4
    [0] VkQueue 0x5d86a87dc4d0
    [1] VkCommandBuffer 0x5d86aa220630
    [2] VkPipeline 0x3010000000301
    [3] VkRenderPass 0x2fa00000002fa

Validation Error: [ VUID-vkCmdDrawIndexed-None-02721 ] | MessageID = 0x24afafc5
[ Debug region: CommandBuffer[9] ] vkCmdDrawIndexed(): Vertex index 1680, using VK_VERTEX_INPUT_RATE_VERTEX, has caused an OOB access within a bound vertex buffer.
Vertex Buffer (VkBuffer 0x2df00000002df) binding info:
  - Binding: 0
  - Offset: 0 bytes
  - Effective Size: 26896 bytes
  - Vertices Count: 1680
  - Stride: 16 bytes
The following VkVertexInputAttributeDescription caused OOB access:
  - Location: 2
  - Binding: 0
  - Format: VK_FORMAT_R32_SFLOAT
  - Offset: 16 bytes
Index Buffer (VkBuffer 0x2e100000002e1) binding info:
  - Type: VK_INDEX_TYPE_UINT16
  - Offset: 0 bytes
  - Size: 19200 bytes (sizeof(VK_INDEX_TYPE_UINT16) * 9600)
Note: Vertex buffer binding size is the effective, valid one, based on how the VkBuffer was created and the vkCmdBindVertexBuffers parameters. So it can be clamped up to 0 if binding was invalid.
Stage = Vertex. Vertex Index = 1680 Instance Index = 0. 
Command buffer (0x5d86aa220630)
	Draw Index 6
Shader Module (0x1c100000001c1) (internal ID 1)
(This check was instrumented at the start of your entrypoint function)
The Vulkan spec states: If the robustBufferAccess feature is not enabled, and that pipeline was created without enabling VK_PIPELINE_ROBUSTNESS_BUFFER_BEHAVIOR_ROBUST_BUFFER_ACCESS for vertexInputs, then for a given vertex buffer binding, any attribute data fetched must be entirely contained within the corresponding vertex buffer binding, as described in Vertex Input Description (https://docs.vulkan.org/spec/latest/chapters/drawing.html#VUID-vkCmdDrawIndexed-None-02721)
Objects: 4
    [0] VkQueue 0x5d86a87dc4d0
    [1] VkCommandBuffer 0x5d86aa220630
    [2] VkPipeline 0x3010000000301
    [3] VkRenderPass 0x2fa00000002fa

Validation Error: [ VUID-vkCmdDrawIndexed-None-02721 ] | MessageID = 0x24afafc5
[ Debug region: CommandBuffer[9] ] vkCmdDrawIndexed(): Vertex index 1680, using VK_VERTEX_INPUT_RATE_VERTEX, has caused an OOB access within a bound vertex buffer.
Vertex Buffer (VkBuffer 0x2df00000002df) binding info:
  - Binding: 0
  - Offset: 0 bytes
  - Effective Size: 26896 bytes
  - Vertices Count: 1680
  - Stride: 16 bytes
The following VkVertexInputAttributeDescription caused OOB access:
  - Location: 2
  - Binding: 0
  - Format: VK_FORMAT_R32_SFLOAT
  - Offset: 16 bytes
Index Buffer (VkBuffer 0x2e100000002e1) binding info:
  - Type: VK_INDEX_TYPE_UINT16
  - Offset: 0 bytes
  - Size: 19200 bytes (sizeof(VK_INDEX_TYPE_UINT16) * 9600)
Note: Vertex buffer binding size is the effective, valid one, based on how the VkBuffer was created and the vkCmdBindVertexBuffers parameters. So it can be clamped up to 0 if binding was invalid.
Stage = Vertex. Vertex Index = 1680 Instance Index = 0. 
Command buffer (0x5d86aa220630)
	Draw Index 7
Shader Module (0x1c100000001c1) (internal ID 1)
(This check was instrumented at the start of your entrypoint function)
The Vulkan spec states: If the robustBufferAccess feature is not enabled, and that pipeline was created without enabling VK_PIPELINE_ROBUSTNESS_BUFFER_BEHAVIOR_ROBUST_BUFFER_ACCESS for vertexInputs, then for a given vertex buffer binding, any attribute data fetched must be entirely contained within the corresponding vertex buffer binding, as described in Vertex Input Description (https://docs.vulkan.org/spec/latest/chapters/drawing.html#VUID-vkCmdDrawIndexed-None-02721)
Objects: 4
    [0] VkQueue 0x5d86a87dc4d0
    [1] VkCommandBuffer 0x5d86aa220630
    [2] VkPipeline 0x3010000000301
    [3] VkRenderPass 0x2fa00000002fa

Validation Error: [ VUID-vkCmdDrawIndexed-None-02721 ] | MessageID = 0x24afafc5
[ Debug region: CommandBuffer[9] ] vkCmdDrawIndexed(): Vertex index 1680, using VK_VERTEX_INPUT_RATE_VERTEX, has caused an OOB access within a bound vertex buffer.
Vertex Buffer (VkBuffer 0x2df00000002df) binding info:
  - Binding: 0
  - Offset: 0 bytes
  - Effective Size: 26896 bytes
  - Vertices Count: 1680
  - Stride: 16 bytes
The following VkVertexInputAttributeDescription caused OOB access:
  - Location: 2
  - Binding: 0
  - Format: VK_FORMAT_R32_SFLOAT
  - Offset: 16 bytes
Index Buffer (VkBuffer 0x2e100000002e1) binding info:
  - Type: VK_INDEX_TYPE_UINT16
  - Offset: 0 bytes
  - Size: 19200 bytes (sizeof(VK_INDEX_TYPE_UINT16) * 9600)
Note: Vertex buffer binding size is the effective, valid one, based on how the VkBuffer was created and the vkCmdBindVertexBuffers parameters. So it can be clamped up to 0 if binding was invalid.
Stage = Vertex. Vertex Index = 1680 Instance Index = 0. 
Command buffer (0x5d86aa220630)
	Draw Index 8
Shader Module (0x1c100000001c1) (internal ID 1)
(This check was instrumented at the start of your entrypoint function)
The Vulkan spec states: If the robustBufferAccess feature is not enabled, and that pipeline was created without enabling VK_PIPELINE_ROBUSTNESS_BUFFER_BEHAVIOR_ROBUST_BUFFER_ACCESS for vertexInputs, then for a given vertex buffer binding, any attribute data fetched must be entirely contained within the corresponding vertex buffer binding, as described in Vertex Input Description (https://docs.vulkan.org/spec/latest/chapters/drawing.html#VUID-vkCmdDrawIndexed-None-02721)
Objects: 4
    [0] VkQueue 0x5d86a87dc4d0
    [1] VkCommandBuffer 0x5d86aa220630
    [2] VkPipeline 0x3010000000301
    [3] VkRenderPass 0x2fa00000002fa

Validation Error: [ VUID-vkCmdDrawIndexed-None-02721 ] | MessageID = 0x24afafc5
(Warning - This VUID has now been reported 10 times, which is the duplicate_message_limit value, this will be the last time reporting it).
[ Debug region: CommandBuffer[9] ] vkCmdDrawIndexed(): Vertex index 1680, using VK_VERTEX_INPUT_RATE_VERTEX, has caused an OOB access within a bound vertex buffer.
Vertex Buffer (VkBuffer 0x2df00000002df) binding info:
  - Binding: 0
  - Offset: 0 bytes
  - Effective Size: 26896 bytes
  - Vertices Count: 1680
  - Stride: 16 bytes
The following VkVertexInputAttributeDescription caused OOB access:
  - Location: 2
  - Binding: 0
  - Format: VK_FORMAT_R32_SFLOAT
  - Offset: 16 bytes
Index Buffer (VkBuffer 0x2e100000002e1) binding info:
  - Type: VK_INDEX_TYPE_UINT16
  - Offset: 0 bytes
  - Size: 19200 bytes (sizeof(VK_INDEX_TYPE_UINT16) * 9600)
Note: Vertex buffer binding size is the effective, valid one, based on how the VkBuffer was created and the vkCmdBindVertexBuffers parameters. So it can be clamped up to 0 if binding was invalid.
Stage = Vertex. Vertex Index = 1680 Instance Index = 0. 
Command buffer (0x5d86aa220630)
	Draw Index 9
Shader Module (0x1c100000001c1) (internal ID 1)
(This check was instrumented at the start of your entrypoint function)
The Vulkan spec states: If the robustBufferAccess feature is not enabled, and that pipeline was created without enabling VK_PIPELINE_ROBUSTNESS_BUFFER_BEHAVIOR_ROBUST_BUFFER_ACCESS for vertexInputs, then for a given vertex buffer binding, any attribute data fetched must be entirely contained within the corresponding vertex buffer binding, as described in Vertex Input Description (https://docs.vulkan.org/spec/latest/chapters/drawing.html#VUID-vkCmdDrawIndexed-None-02721)
Objects: 4
    [0] VkQueue 0x5d86a87dc4d0
    [1] VkCommandBuffer 0x5d86aa220630
    [2] VkPipeline 0x3010000000301
    [3] VkRenderPass 0x2fa00000002fa

Validation Error: [ VUID-vkAcquireNextImageKHR-semaphore-01286 ] | MessageID = 0xe9e4b2a9
vkAcquireNextImageKHR(): Semaphore must not be currently signaled.
The Vulkan spec states: If semaphore is not VK_NULL_HANDLE, it must be unsignaled (https://docs.vulkan.org/spec/latest/chapters/VK_KHR_surface/wsi.html#VUID-vkAcquireNextImageKHR-semaphore-01286)
Objects: 1
    [0] VkSemaphore 0x11d000000011d

Validation Warning: [ Undefined-Value-Layer-Written ] | MessageID = 0x1fc55805
vkCmdDrawIndexed(): Shader stage VK_SHADER_STAGE_VERTEX_BIT writes to Layer (gl_Layer) but the framebuffer was created with VkFramebufferCreateInfo::layer of 1, this write will have an undefined value set to it.
Objects: 2
    [0] VkCommandBuffer 0x5d86a8ab5360
    [1] VkPipeline 0xa0b0000000a0b

Validation Error: [ VUID-vkCmdDrawIndexed-None-08114 ] | MessageID = 0x3f6fd836
vkCmdDrawIndexed(): the descriptor [VkDescriptorSet 0xa080000000a08, Set 0, Binding 9, Index 1] is being used in draw but has never been updated via vkUpdateDescriptorSets() or a similar call.
The Vulkan spec states: Descriptors in each bound descriptor set, specified via vkCmdBindDescriptorSets, must be valid if they are accessed as described by descriptor validity by the VkPipeline bound to the pipeline bind point used by this command and the bound VkPipeline was not created with VK_PIPELINE_CREATE_DESCRIPTOR_BUFFER_BIT_EXT (https://docs.vulkan.org/spec/latest/chapters/drawing.html#VUID-vkCmdDrawIndexed-None-08114)
Objects: 2
    [0] VkPipeline 0xa0b0000000a0b
    [1] VkDescriptorSet 0xa080000000a08

Validation Warning: [ Undefined-Value-Layer-Written ] | MessageID = 0x1fc55805
vkCmdDrawIndexed(): Shader stage VK_SHADER_STAGE_VERTEX_BIT writes to Layer (gl_Layer) but the framebuffer was created with VkFramebufferCreateInfo::layer of 1, this write will have an undefined value set to it.
Objects: 2
    [0] VkCommandBuffer 0x5d86a8ab5360
    [1] VkPipeline 0xa360000000a36

Validation Error: [ VUID-vkCmdDrawIndexed-None-08114 ] | MessageID = 0x3f6fd836
vkCmdDrawIndexed(): the descriptor [VkDescriptorSet 0xa330000000a33, Set 0, Binding 9, Index 1] is being used in draw but has never been updated via vkUpdateDescriptorSets() or a similar call.
The Vulkan spec states: Descriptors in each bound descriptor set, specified via vkCmdBindDescriptorSets, must be valid if they are accessed as described by descriptor validity by the VkPipeline bound to the pipeline bind point used by this command and the bound VkPipeline was not created with VK_PIPELINE_CREATE_DESCRIPTOR_BUFFER_BIT_EXT (https://docs.vulkan.org/spec/latest/chapters/drawing.html#VUID-vkCmdDrawIndexed-None-08114)
Objects: 2
    [0] VkPipeline 0xa360000000a36
    [1] VkDescriptorSet 0xa330000000a33

Validation Error: [ VUID-vkCmdDraw-None-08114 ] | MessageID = 0x2ba3a98e
vkCmdDraw(): the descriptor [VkDescriptorSet 0xa460000000a46, Set 0, Binding 9, Index 1] is being used in draw but has never been updated via vkUpdateDescriptorSets() or a similar call.
The Vulkan spec states: Descriptors in each bound descriptor set, specified via vkCmdBindDescriptorSets, must be valid if they are accessed as described by descriptor validity by the VkPipeline bound to the pipeline bind point used by this command and the bound VkPipeline was not created with VK_PIPELINE_CREATE_DESCRIPTOR_BUFFER_BIT_EXT (https://docs.vulkan.org/spec/latest/chapters/drawing.html#VUID-vkCmdDraw-None-08114)
Objects: 2
    [0] VkPipeline 0xa490000000a49
    [1] VkDescriptorSet 0xa460000000a46

Validation Error: [ VUID-vkAcquireNextImageKHR-semaphore-01779 ] | MessageID = 0x5717e75b
vkAcquireNextImageKHR(): Semaphore must not have any pending operations.
The Vulkan spec states: If semaphore is not VK_NULL_HANDLE, it must not have any uncompleted signal or wait operations pending (https://docs.vulkan.org/spec/latest/chapters/VK_KHR_surface/wsi.html#VUID-vkAcquireNextImageKHR-semaphore-01779)
Objects: 1
    [0] VkSemaphore 0x11d000000011d

Validation Warning: [ Undefined-Value-Layer-Written ] | MessageID = 0x1fc55805
vkCmdDrawIndexed(): Shader stage VK_SHADER_STAGE_VERTEX_BIT writes to Layer (gl_Layer) but the framebuffer was created with VkFramebufferCreateInfo::layer of 1, this write will have an undefined value set to it.
Objects: 2
    [0] VkCommandBuffer 0x5d86a8ac02e0
    [1] VkPipeline 0xa5a0000000a5a

Validation Error: [ VUID-vkCmdDrawIndexed-None-08114 ] | MessageID = 0x3f6fd836
vkCmdDrawIndexed(): the descriptor [VkDescriptorSet 0xa570000000a57, Set 0, Binding 9, Index 1] is being used in draw but has never been updated via vkUpdateDescriptorSets() or a similar call.
The Vulkan spec states: Descriptors in each bound descriptor set, specified via vkCmdBindDescriptorSets, must be valid if they are accessed as described by descriptor validity by the VkPipeline bound to the pipeline bind point used by this command and the bound VkPipeline was not created with VK_PIPELINE_CREATE_DESCRIPTOR_BUFFER_BIT_EXT (https://docs.vulkan.org/spec/latest/chapters/drawing.html#VUID-vkCmdDrawIndexed-None-08114)
Objects: 2
    [0] VkPipeline 0xa5a0000000a5a
    [1] VkDescriptorSet 0xa570000000a57

Validation Error: [ VUID-vkCmdDraw-None-08114 ] | MessageID = 0x2ba3a98e
vkCmdDraw(): the descriptor [VkDescriptorSet 0xa650000000a65, Set 0, Binding 9, Index 1] is being used in draw but has never been updated via vkUpdateDescriptorSets() or a similar call.
The Vulkan spec states: Descriptors in each bound descriptor set, specified via vkCmdBindDescriptorSets, must be valid if they are accessed as described by descriptor validity by the VkPipeline bound to the pipeline bind point used by this command and the bound VkPipeline was not created with VK_PIPELINE_CREATE_DESCRIPTOR_BUFFER_BIT_EXT (https://docs.vulkan.org/spec/latest/chapters/drawing.html#VUID-vkCmdDraw-None-08114)
Objects: 2
    [0] VkPipeline 0xa680000000a68
    [1] VkDescriptorSet 0xa650000000a65

Validation Warning: [ Undefined-Value-Layer-Written ] | MessageID = 0x1fc55805
vkCmdDrawIndexed(): Shader stage VK_SHADER_STAGE_VERTEX_BIT writes to Layer (gl_Layer) but the framebuffer was created with VkFramebufferCreateInfo::layer of 1, this write will have an undefined value set to it.
Objects: 2
    [0] VkCommandBuffer 0x5d86a8ac02e0
    [1] VkPipeline 0xa740000000a74

Validation Error: [ VUID-vkCmdDrawIndexed-None-08114 ] | MessageID = 0x3f6fd836
vkCmdDrawIndexed(): the descriptor [VkDescriptorSet 0xa710000000a71, Set 0, Binding 9, Index 1] is being used in draw but has never been updated via vkUpdateDescriptorSets() or a similar call.
The Vulkan spec states: Descriptors in each bound descriptor set, specified via vkCmdBindDescriptorSets, must be valid if they are accessed as described by descriptor validity by the VkPipeline bound to the pipeline bind point used by this command and the bound VkPipeline was not created with VK_PIPELINE_CREATE_DESCRIPTOR_BUFFER_BIT_EXT (https://docs.vulkan.org/spec/latest/chapters/drawing.html#VUID-vkCmdDrawIndexed-None-08114)
Objects: 2
    [0] VkPipeline 0xa740000000a74
    [1] VkDescriptorSet 0xa710000000a71

Validation Error: [ VUID-vkQueueSubmit-pSignalSemaphores-00067 ] | MessageID = 0x539277af
vkQueueSubmit(): pSubmits[0].pSignalSemaphores[0] (VkSemaphore 0x11e000000011e) is being signaled by VkQueue 0x5d86a87dc4d0, but it may still be in use by VkSwapchainKHR 0xf000000000f.
Most recently acquired image indices: [0], 1.
(Brackets mark the last use of VkSemaphore 0x11e000000011e in a presentation operation.)
Swapchain image 0 was presented but was not re-acquired, so VkSemaphore 0x11e000000011e may still be in use and cannot be safely reused with image index 1.
Vulkan insight: See https://docs.vulkan.org/guide/latest/swapchain_semaphore_reuse.html for details on swapchain semaphore reuse. Examples of possible approaches:
   a) Use a separate semaphore per swapchain image. Index these semaphores using the index of the acquired image.
   b) Consider the VK_KHR_swapchain_maintenance1 extension. It allows using a VkFence with the presentation operation.
The Vulkan spec states: Each binary semaphore element of the pSignalSemaphores member of any element of pSubmits must be unsignaled when the semaphore signal operation it defines is executed on the device (https://docs.vulkan.org/spec/latest/chapters/cmdbuffers.html#VUID-vkQueueSubmit-pSignalSemaphores-00067)
Objects: 2
    [0] VkSemaphore 0x11e000000011e
    [1] VkQueue 0x5d86a87dc4d0

Validation Error: [ VUID-vkCmdDraw-None-08114 ] | MessageID = 0x2ba3a98e
vkCmdDraw(): the descriptor [VkDescriptorSet 0xa460000000a46, Set 0, Binding 9, Index 1] is being used in draw but has never been updated via vkUpdateDescriptorSets() or a similar call.
The Vulkan spec states: Descriptors in each bound descriptor set, specified via vkCmdBindDescriptorSets, must be valid if they are accessed as described by descriptor validity by the VkPipeline bound to the pipeline bind point used by this command and the bound VkPipeline was not created with VK_PIPELINE_CREATE_DESCRIPTOR_BUFFER_BIT_EXT (https://docs.vulkan.org/spec/latest/chapters/drawing.html#VUID-vkCmdDraw-None-08114)
Objects: 2
    [0] VkPipeline 0xa490000000a49
    [1] VkDescriptorSet 0xa460000000a46

Validation Error: [ VUID-vkAcquireNextImageKHR-semaphore-01779 ] | MessageID = 0x5717e75b
vkAcquireNextImageKHR(): Semaphore must not have any pending operations.
The Vulkan spec states: If semaphore is not VK_NULL_HANDLE, it must not have any uncompleted signal or wait operations pending (https://docs.vulkan.org/spec/latest/chapters/VK_KHR_surface/wsi.html#VUID-vkAcquireNextImageKHR-semaphore-01779)
Objects: 1
    [0] VkSemaphore 0x11d000000011d

Validation Warning: [ Undefined-Value-Layer-Written ] | MessageID = 0x1fc55805
vkCmdDrawIndexed(): Shader stage VK_SHADER_STAGE_VERTEX_BIT writes to Layer (gl_Layer) but the framebuffer was created with VkFramebufferCreateInfo::layer of 1, this write will have an undefined value set to it.
Objects: 2
    [0] VkCommandBuffer 0x5d86a8acbe30
    [1] VkPipeline 0xa5a0000000a5a

Validation Error: [ VUID-vkCmdDrawIndexed-None-08114 ] | MessageID = 0x3f6fd836
vkCmdDrawIndexed(): the descriptor [VkDescriptorSet 0xa570000000a57, Set 0, Binding 9, Index 1] is being used in draw but has never been updated via vkUpdateDescriptorSets() or a similar call.
The Vulkan spec states: Descriptors in each bound descriptor set, specified via vkCmdBindDescriptorSets, must be valid if they are accessed as described by descriptor validity by the VkPipeline bound to the pipeline bind point used by this command and the bound VkPipeline was not created with VK_PIPELINE_CREATE_DESCRIPTOR_BUFFER_BIT_EXT (https://docs.vulkan.org/spec/latest/chapters/drawing.html#VUID-vkCmdDrawIndexed-None-08114)
Objects: 2
    [0] VkPipeline 0xa5a0000000a5a
    [1] VkDescriptorSet 0xa570000000a57

Validation Error: [ VUID-vkCmdDraw-None-08114 ] | MessageID = 0x2ba3a98e
vkCmdDraw(): the descriptor [VkDescriptorSet 0xa650000000a65, Set 0, Binding 9, Index 1] is being used in draw but has never been updated via vkUpdateDescriptorSets() or a similar call.
The Vulkan spec states: Descriptors in each bound descriptor set, specified via vkCmdBindDescriptorSets, must be valid if they are accessed as described by descriptor validity by the VkPipeline bound to the pipeline bind point used by this command and the bound VkPipeline was not created with VK_PIPELINE_CREATE_DESCRIPTOR_BUFFER_BIT_EXT (https://docs.vulkan.org/spec/latest/chapters/drawing.html#VUID-vkCmdDraw-None-08114)
Objects: 2
    [0] VkPipeline 0xa680000000a68
    [1] VkDescriptorSet 0xa650000000a65

Validation Warning: [ Undefined-Value-Layer-Written ] | MessageID = 0x1fc55805
vkCmdDrawIndexed(): Shader stage VK_SHADER_STAGE_VERTEX_BIT writes to Layer (gl_Layer) but the framebuffer was created with VkFramebufferCreateInfo::layer of 1, this write will have an undefined value set to it.
Objects: 2
    [0] VkCommandBuffer 0x5d86a8acbe30
    [1] VkPipeline 0xa740000000a74

Validation Error: [ VUID-vkCmdDrawIndexed-None-08114 ] | MessageID = 0x3f6fd836
vkCmdDrawIndexed(): the descriptor [VkDescriptorSet 0xa710000000a71, Set 0, Binding 9, Index 1] is being used in draw but has never been updated via vkUpdateDescriptorSets() or a similar call.
The Vulkan spec states: Descriptors in each bound descriptor set, specified via vkCmdBindDescriptorSets, must be valid if they are accessed as described by descriptor validity by the VkPipeline bound to the pipeline bind point used by this command and the bound VkPipeline was not created with VK_PIPELINE_CREATE_DESCRIPTOR_BUFFER_BIT_EXT (https://docs.vulkan.org/spec/latest/chapters/drawing.html#VUID-vkCmdDrawIndexed-None-08114)
Objects: 2
    [0] VkPipeline 0xa740000000a74
    [1] VkDescriptorSet 0xa710000000a71

Validation Error: [ VUID-vkQueueSubmit-pSignalSemaphores-00067 ] | MessageID = 0x539277af
vkQueueSubmit(): pSubmits[0].pSignalSemaphores[0] (VkSemaphore 0x11e000000011e) is being signaled by VkQueue 0x5d86a87dc4d0, but it may still be in use by VkSwapchainKHR 0xf000000000f.
Most recently acquired image indices: 0, [1], 2.
(Brackets mark the last use of VkSemaphore 0x11e000000011e in a presentation operation.)
Swapchain image 1 was presented but was not re-acquired, so VkSemaphore 0x11e000000011e may still be in use and cannot be safely reused with image index 2.
Vulkan insight: See https://docs.vulkan.org/guide/latest/swapchain_semaphore_reuse.html for details on swapchain semaphore reuse. Examples of possible approaches:
   a) Use a separate semaphore per swapchain image. Index these semaphores using the index of the acquired image.
   b) Consider the VK_KHR_swapchain_maintenance1 extension. It allows using a VkFence with the presentation operation.
The Vulkan spec states: Each binary semaphore element of the pSignalSemaphores member of any element of pSubmits must be unsignaled when the semaphore signal operation it defines is executed on the device (https://docs.vulkan.org/spec/latest/chapters/cmdbuffers.html#VUID-vkQueueSubmit-pSignalSemaphores-00067)
Objects: 2
    [0] VkSemaphore 0x11e000000011e
    [1] VkQueue 0x5d86a87dc4d0

Validation Error: [ VUID-vkCmdDraw-None-08114 ] | MessageID = 0x2ba3a98e
vkCmdDraw(): the descriptor [VkDescriptorSet 0xa460000000a46, Set 0, Binding 9, Index 1] is being used in draw but has never been updated via vkUpdateDescriptorSets() or a similar call.
The Vulkan spec states: Descriptors in each bound descriptor set, specified via vkCmdBindDescriptorSets, must be valid if they are accessed as described by descriptor validity by the VkPipeline bound to the pipeline bind point used by this command and the bound VkPipeline was not created with VK_PIPELINE_CREATE_DESCRIPTOR_BUFFER_BIT_EXT (https://docs.vulkan.org/spec/latest/chapters/drawing.html#VUID-vkCmdDraw-None-08114)
Objects: 2
    [0] VkPipeline 0xa490000000a49
    [1] VkDescriptorSet 0xa460000000a46

Validation Error: [ VUID-vkAcquireNextImageKHR-semaphore-01779 ] | MessageID = 0x5717e75b
vkAcquireNextImageKHR(): Semaphore must not have any pending operations.
The Vulkan spec states: If semaphore is not VK_NULL_HANDLE, it must not have any uncompleted signal or wait operations pending (https://docs.vulkan.org/spec/latest/chapters/VK_KHR_surface/wsi.html#VUID-vkAcquireNextImageKHR-semaphore-01779)
Objects: 1
    [0] VkSemaphore 0x11d000000011d

Validation Warning: [ Undefined-Value-Layer-Written ] | MessageID = 0x1fc55805
vkCmdDrawIndexed(): Shader stage VK_SHADER_STAGE_VERTEX_BIT writes to Layer (gl_Layer) but the framebuffer was created with VkFramebufferCreateInfo::layer of 1, this write will have an undefined value set to it.
Objects: 2
    [0] VkCommandBuffer 0x5d86a95a6dc0
    [1] VkPipeline 0xa5a0000000a5a

Validation Error: [ VUID-vkCmdDrawIndexed-None-08114 ] | MessageID = 0x3f6fd836
vkCmdDrawIndexed(): the descriptor [VkDescriptorSet 0xa570000000a57, Set 0, Binding 9, Index 1] is being used in draw but has never been updated via vkUpdateDescriptorSets() or a similar call.
The Vulkan spec states: Descriptors in each bound descriptor set, specified via vkCmdBindDescriptorSets, must be valid if they are accessed as described by descriptor validity by the VkPipeline bound to the pipeline bind point used by this command and the bound VkPipeline was not created with VK_PIPELINE_CREATE_DESCRIPTOR_BUFFER_BIT_EXT (https://docs.vulkan.org/spec/latest/chapters/drawing.html#VUID-vkCmdDrawIndexed-None-08114)
Objects: 2
    [0] VkPipeline 0xa5a0000000a5a
    [1] VkDescriptorSet 0xa570000000a57

Validation Error: [ VUID-vkCmdDraw-None-08114 ] | MessageID = 0x2ba3a98e
vkCmdDraw(): the descriptor [VkDescriptorSet 0xa650000000a65, Set 0, Binding 9, Index 1] is being used in draw but has never been updated via vkUpdateDescriptorSets() or a similar call.
The Vulkan spec states: Descriptors in each bound descriptor set, specified via vkCmdBindDescriptorSets, must be valid if they are accessed as described by descriptor validity by the VkPipeline bound to the pipeline bind point used by this command and the bound VkPipeline was not created with VK_PIPELINE_CREATE_DESCRIPTOR_BUFFER_BIT_EXT (https://docs.vulkan.org/spec/latest/chapters/drawing.html#VUID-vkCmdDraw-None-08114)
Objects: 2
    [0] VkPipeline 0xa680000000a68
    [1] VkDescriptorSet 0xa650000000a65

Validation Warning: [ Undefined-Value-Layer-Written ] | MessageID = 0x1fc55805
vkCmdDrawIndexed(): Shader stage VK_SHADER_STAGE_VERTEX_BIT writes to Layer (gl_Layer) but the framebuffer was created with VkFramebufferCreateInfo::layer of 1, this write will have an undefined value set to it.
Objects: 2
    [0] VkCommandBuffer 0x5d86a95a6dc0
    [1] VkPipeline 0xa740000000a74

Validation Error: [ VUID-vkCmdDrawIndexed-None-08114 ] | MessageID = 0x3f6fd836
vkCmdDrawIndexed(): the descriptor [VkDescriptorSet 0xa710000000a71, Set 0, Binding 9, Index 1] is being used in draw but has never been updated via vkUpdateDescriptorSets() or a similar call.
The Vulkan spec states: Descriptors in each bound descriptor set, specified via vkCmdBindDescriptorSets, must be valid if they are accessed as described by descriptor validity by the VkPipeline bound to the pipeline bind point used by this command and the bound VkPipeline was not created with VK_PIPELINE_CREATE_DESCRIPTOR_BUFFER_BIT_EXT (https://docs.vulkan.org/spec/latest/chapters/drawing.html#VUID-vkCmdDrawIndexed-None-08114)
Objects: 2
    [0] VkPipeline 0xa740000000a74
    [1] VkDescriptorSet 0xa710000000a71

Validation Error: [ VUID-vkCmdDraw-None-08114 ] | MessageID = 0x2ba3a98e
vkCmdDraw(): the descriptor [VkDescriptorSet 0xa460000000a46, Set 0, Binding 9, Index 1] is being used in draw but has never been updated via vkUpdateDescriptorSets() or a similar call.
The Vulkan spec states: Descriptors in each bound descriptor set, specified via vkCmdBindDescriptorSets, must be valid if they are accessed as described by descriptor validity by the VkPipeline bound to the pipeline bind point used by this command and the bound VkPipeline was not created with VK_PIPELINE_CREATE_DESCRIPTOR_BUFFER_BIT_EXT (https://docs.vulkan.org/spec/latest/chapters/drawing.html#VUID-vkCmdDraw-None-08114)
Objects: 2
    [0] VkPipeline 0xa490000000a49
    [1] VkDescriptorSet 0xa460000000a46

Validation Error: [ VUID-vkAcquireNextImageKHR-semaphore-01779 ] | MessageID = 0x5717e75b
vkAcquireNextImageKHR(): Semaphore must not have any pending operations.
The Vulkan spec states: If semaphore is not VK_NULL_HANDLE, it must not have any uncompleted signal or wait operations pending (https://docs.vulkan.org/spec/latest/chapters/VK_KHR_surface/wsi.html#VUID-vkAcquireNextImageKHR-semaphore-01779)
Objects: 1
    [0] VkSemaphore 0x11d000000011d

Validation Warning: [ Undefined-Value-Layer-Written ] | MessageID = 0x1fc55805
vkCmdDrawIndexed(): Shader stage VK_SHADER_STAGE_VERTEX_BIT writes to Layer (gl_Layer) but the framebuffer was created with VkFramebufferCreateInfo::layer of 1, this write will have an undefined value set to it.
Objects: 2
    [0] VkCommandBuffer 0x5d86a95b19c0
    [1] VkPipeline 0xa5a0000000a5a

Validation Error: [ VUID-vkCmdDrawIndexed-None-08114 ] | MessageID = 0x3f6fd836
vkCmdDrawIndexed(): the descriptor [VkDescriptorSet 0xa570000000a57, Set 0, Binding 9, Index 1] is being used in draw but has never been updated via vkUpdateDescriptorSets() or a similar call.
The Vulkan spec states: Descriptors in each bound descriptor set, specified via vkCmdBindDescriptorSets, must be valid if they are accessed as described by descriptor validity by the VkPipeline bound to the pipeline bind point used by this command and the bound VkPipeline was not created with VK_PIPELINE_CREATE_DESCRIPTOR_BUFFER_BIT_EXT (https://docs.vulkan.org/spec/latest/chapters/drawing.html#VUID-vkCmdDrawIndexed-None-08114)
Objects: 2
    [0] VkPipeline 0xa5a0000000a5a
    [1] VkDescriptorSet 0xa570000000a57

Validation Error: [ VUID-vkCmdDraw-None-08114 ] | MessageID = 0x2ba3a98e
vkCmdDraw(): the descriptor [VkDescriptorSet 0xa650000000a65, Set 0, Binding 9, Index 1] is being used in draw but has never been updated via vkUpdateDescriptorSets() or a similar call.
The Vulkan spec states: Descriptors in each bound descriptor set, specified via vkCmdBindDescriptorSets, must be valid if they are accessed as described by descriptor validity by the VkPipeline bound to the pipeline bind point used by this command and the bound VkPipeline was not created with VK_PIPELINE_CREATE_DESCRIPTOR_BUFFER_BIT_EXT (https://docs.vulkan.org/spec/latest/chapters/drawing.html#VUID-vkCmdDraw-None-08114)
Objects: 2
    [0] VkPipeline 0xa680000000a68
    [1] VkDescriptorSet 0xa650000000a65

Validation Warning: [ Undefined-Value-Layer-Written ] | MessageID = 0x1fc55805
(Warning - This VUID has now been reported 10 times, which is the duplicate_message_limit value, this will be the last time reporting it).
vkCmdDrawIndexed(): Shader stage VK_SHADER_STAGE_VERTEX_BIT writes to Layer (gl_Layer) but the framebuffer was created with VkFramebufferCreateInfo::layer of 1, this write will have an undefined value set to it.
Objects: 2
    [0] VkCommandBuffer 0x5d86a95b19c0
    [1] VkPipeline 0xa740000000a74

Validation Error: [ VUID-vkCmdDrawIndexed-None-08114 ] | MessageID = 0x3f6fd836
(Warning - This VUID has now been reported 10 times, which is the duplicate_message_limit value, this will be the last time reporting it).
vkCmdDrawIndexed(): the descriptor [VkDescriptorSet 0xa710000000a71, Set 0, Binding 9, Index 1] is being used in draw but has never been updated via vkUpdateDescriptorSets() or a similar call.
The Vulkan spec states: Descriptors in each bound descriptor set, specified via vkCmdBindDescriptorSets, must be valid if they are accessed as described by descriptor validity by the VkPipeline bound to the pipeline bind point used by this command and the bound VkPipeline was not created with VK_PIPELINE_CREATE_DESCRIPTOR_BUFFER_BIT_EXT (https://docs.vulkan.org/spec/latest/chapters/drawing.html#VUID-vkCmdDrawIndexed-None-08114)
Objects: 2
    [0] VkPipeline 0xa740000000a74
    [1] VkDescriptorSet 0xa710000000a71

Validation Error: [ VUID-vkCmdDraw-None-08114 ] | MessageID = 0x2ba3a98e
vkCmdDraw(): the descriptor [VkDescriptorSet 0xa460000000a46, Set 0, Binding 9, Index 1] is being used in draw but has never been updated via vkUpdateDescriptorSets() or a similar call.
The Vulkan spec states: Descriptors in each bound descriptor set, specified via vkCmdBindDescriptorSets, must be valid if they are accessed as described by descriptor validity by the VkPipeline bound to the pipeline bind point used by this command and the bound VkPipeline was not created with VK_PIPELINE_CREATE_DESCRIPTOR_BUFFER_BIT_EXT (https://docs.vulkan.org/spec/latest/chapters/drawing.html#VUID-vkCmdDraw-None-08114)
Objects: 2
    [0] VkPipeline 0xa490000000a49
    [1] VkDescriptorSet 0xa460000000a46

Validation Error: [ VUID-vkAcquireNextImageKHR-semaphore-01779 ] | MessageID = 0x5717e75b
vkAcquireNextImageKHR(): Semaphore must not have any pending operations.
The Vulkan spec states: If semaphore is not VK_NULL_HANDLE, it must not have any uncompleted signal or wait operations pending (https://docs.vulkan.org/spec/latest/chapters/VK_KHR_surface/wsi.html#VUID-vkAcquireNextImageKHR-semaphore-01779)
Objects: 1
    [0] VkSemaphore 0x11d000000011d

Validation Error: [ VUID-vkCmdDraw-None-08114 ] | MessageID = 0x2ba3a98e
(Warning - This VUID has now been reported 10 times, which is the duplicate_message_limit value, this will be the last time reporting it).
vkCmdDraw(): the descriptor [VkDescriptorSet 0xa650000000a65, Set 0, Binding 9, Index 1] is being used in draw but has never been updated via vkUpdateDescriptorSets() or a similar call.
The Vulkan spec states: Descriptors in each bound descriptor set, specified via vkCmdBindDescriptorSets, must be valid if they are accessed as described by descriptor validity by the VkPipeline bound to the pipeline bind point used by this command and the bound VkPipeline was not created with VK_PIPELINE_CREATE_DESCRIPTOR_BUFFER_BIT_EXT (https://docs.vulkan.org/spec/latest/chapters/drawing.html#VUID-vkCmdDraw-None-08114)
Objects: 2
    [0] VkPipeline 0xa680000000a68
    [1] VkDescriptorSet 0xa650000000a65

Validation Error: [ VUID-vkResetFences-pFences-01123 ] | MessageID = 0x68a5074e
(Warning - This VUID has now been reported 10 times, which is the duplicate_message_limit value, this will be the last time reporting it).
vkResetFences(): pFences[0] (VkFence 0x1690000000169) is in use.
The Vulkan spec states: Each element of pFences must not be currently associated with any queue command that has not yet completed execution on that queue (https://docs.vulkan.org/spec/latest/chapters/synchronization.html#VUID-vkResetFences-pFences-01123)
Objects: 1
    [0] VkFence 0x1690000000169

Validation Error: [ VUID-vkAcquireNextImageKHR-semaphore-01779 ] | MessageID = 0x5717e75b
vkAcquireNextImageKHR(): Semaphore must not have any pending operations.
The Vulkan spec states: If semaphore is not VK_NULL_HANDLE, it must not have any uncompleted signal or wait operations pending (https://docs.vulkan.org/spec/latest/chapters/VK_KHR_surface/wsi.html#VUID-vkAcquireNextImageKHR-semaphore-01779)
Objects: 1
    [0] VkSemaphore 0x11d000000011d

Validation Error: [ VUID-vkAcquireNextImageKHR-semaphore-01779 ] | MessageID = 0x5717e75b
vkAcquireNextImageKHR(): Semaphore must not have any pending operations.
The Vulkan spec states: If semaphore is not VK_NULL_HANDLE, it must not have any uncompleted signal or wait operations pending (https://docs.vulkan.org/spec/latest/chapters/VK_KHR_surface/wsi.html#VUID-vkAcquireNextImageKHR-semaphore-01779)
Objects: 1
    [0] VkSemaphore 0x11d000000011d

Validation Error: [ VUID-vkAcquireNextImageKHR-semaphore-01779 ] | MessageID = 0x5717e75b
vkAcquireNextImageKHR(): Semaphore must not have any pending operations.
The Vulkan spec states: If semaphore is not VK_NULL_HANDLE, it must not have any uncompleted signal or wait operations pending (https://docs.vulkan.org/spec/latest/chapters/VK_KHR_surface/wsi.html#VUID-vkAcquireNextImageKHR-semaphore-01779)
Objects: 1
    [0] VkSemaphore 0x11d000000011d

Validation Error: [ VUID-vkAcquireNextImageKHR-semaphore-01779 ] | MessageID = 0x5717e75b
vkAcquireNextImageKHR(): Semaphore must not have any pending operations.
The Vulkan spec states: If semaphore is not VK_NULL_HANDLE, it must not have any uncompleted signal or wait operations pending (https://docs.vulkan.org/spec/latest/chapters/VK_KHR_surface/wsi.html#VUID-vkAcquireNextImageKHR-semaphore-01779)
Objects: 1
    [0] VkSemaphore 0x11d000000011d

Validation Error: [ VUID-vkAcquireNextImageKHR-semaphore-01779 ] | MessageID = 0x5717e75b
(Warning - This VUID has now been reported 10 times, which is the duplicate_message_limit value, this will be the last time reporting it).
vkAcquireNextImageKHR(): Semaphore must not have any pending operations.
The Vulkan spec states: If semaphore is not VK_NULL_HANDLE, it must not have any uncompleted signal or wait operations pending (https://docs.vulkan.org/spec/latest/chapters/VK_KHR_surface/wsi.html#VUID-vkAcquireNextImageKHR-semaphore-01779)
Objects: 1
    [0] VkSemaphore 0x11d000000011d

Validation Error: [ VUID-vkResetCommandBuffer-commandBuffer-00045 ] | MessageID = 0x1e7883ea
vkResetCommandBuffer(): (VkCommandBuffer 0x5d86a95b19c0) is in use.
The Vulkan spec states: commandBuffer must not be in the pending state (https://docs.vulkan.org/spec/latest/chapters/cmdbuffers.html#VUID-vkResetCommandBuffer-commandBuffer-00045)
Objects: 2
    [0] VkCommandBuffer 0x5d86a95b19c0
    [1] VkCommandPool 0x240000000024

Validation Error: [ VUID-vkResetCommandBuffer-commandBuffer-00045 ] | MessageID = 0x1e7883ea
vkResetCommandBuffer(): (VkCommandBuffer 0x5d86a8ab5360) is in use.
The Vulkan spec states: commandBuffer must not be in the pending state (https://docs.vulkan.org/spec/latest/chapters/cmdbuffers.html#VUID-vkResetCommandBuffer-commandBuffer-00045)
Objects: 2
    [0] VkCommandBuffer 0x5d86a8ab5360
    [1] VkCommandPool 0x240000000024

Validation Error: [ VUID-vkResetCommandBuffer-commandBuffer-00045 ] | MessageID = 0x1e7883ea
vkResetCommandBuffer(): (VkCommandBuffer 0x5d86a95c2e00) is in use.
The Vulkan spec states: commandBuffer must not be in the pending state (https://docs.vulkan.org/spec/latest/chapters/cmdbuffers.html#VUID-vkResetCommandBuffer-commandBuffer-00045)
Objects: 2
    [0] VkCommandBuffer 0x5d86a95c2e00
    [1] VkCommandPool 0x240000000024

Validation Error: [ VUID-vkResetCommandBuffer-commandBuffer-00045 ] | MessageID = 0x1e7883ea
vkResetCommandBuffer(): (VkCommandBuffer 0x5d86a8ab5360) is in use.
The Vulkan spec states: commandBuffer must not be in the pending state (https://docs.vulkan.org/spec/latest/chapters/cmdbuffers.html#VUID-vkResetCommandBuffer-commandBuffer-00045)
Objects: 2
    [0] VkCommandBuffer 0x5d86a8ab5360
    [1] VkCommandPool 0x240000000024

Validation Error: [ VUID-vkResetCommandBuffer-commandBuffer-00045 ] | MessageID = 0x1e7883ea
vkResetCommandBuffer(): (VkCommandBuffer 0x5d86a95b19c0) is in use.
The Vulkan spec states: commandBuffer must not be in the pending state (https://docs.vulkan.org/spec/latest/chapters/cmdbuffers.html#VUID-vkResetCommandBuffer-commandBuffer-00045)
Objects: 2
    [0] VkCommandBuffer 0x5d86a95b19c0
    [1] VkCommandPool 0x240000000024

Validation Error: [ VUID-vkResetCommandBuffer-commandBuffer-00045 ] | MessageID = 0x1e7883ea
vkResetCommandBuffer(): (VkCommandBuffer 0x5d86a95b19c0) is in use.
The Vulkan spec states: commandBuffer must not be in the pending state (https://docs.vulkan.org/spec/latest/chapters/cmdbuffers.html#VUID-vkResetCommandBuffer-commandBuffer-00045)
Objects: 2
    [0] VkCommandBuffer 0x5d86a95b19c0
    [1] VkCommandPool 0x240000000024

Validation Error: [ VUID-vkResetCommandBuffer-commandBuffer-00045 ] | MessageID = 0x1e7883ea
vkResetCommandBuffer(): (VkCommandBuffer 0x5d86a8ac6020) is in use.
The Vulkan spec states: commandBuffer must not be in the pending state (https://docs.vulkan.org/spec/latest/chapters/cmdbuffers.html#VUID-vkResetCommandBuffer-commandBuffer-00045)
Objects: 2
    [0] VkCommandBuffer 0x5d86a8ac6020
    [1] VkCommandPool 0x240000000024

Validation Error: [ VUID-vkResetCommandBuffer-commandBuffer-00045 ] | MessageID = 0x1e7883ea
vkResetCommandBuffer(): (VkCommandBuffer 0x5d86a8ab5360) is in use.
The Vulkan spec states: commandBuffer must not be in the pending state (https://docs.vulkan.org/spec/latest/chapters/cmdbuffers.html#VUID-vkResetCommandBuffer-commandBuffer-00045)
Objects: 2
    [0] VkCommandBuffer 0x5d86a8ab5360
    [1] VkCommandPool 0x240000000024

Validation Error: [ VUID-vkResetCommandBuffer-commandBuffer-00045 ] | MessageID = 0x1e7883ea
vkResetCommandBuffer(): (VkCommandBuffer 0x5d86a8aba5a0) is in use.
The Vulkan spec states: commandBuffer must not be in the pending state (https://docs.vulkan.org/spec/latest/chapters/cmdbuffers.html#VUID-vkResetCommandBuffer-commandBuffer-00045)
Objects: 2
    [0] VkCommandBuffer 0x5d86a8aba5a0
    [1] VkCommandPool 0x240000000024

Validation Error: [ VUID-vkResetCommandBuffer-commandBuffer-00045 ] | MessageID = 0x1e7883ea
(Warning - This VUID has now been reported 10 times, which is the duplicate_message_limit value, this will be the last time reporting it).
vkResetCommandBuffer(): (VkCommandBuffer 0x5d86a95a2e00) is in use.
The Vulkan spec states: commandBuffer must not be in the pending state (https://docs.vulkan.org/spec/latest/chapters/cmdbuffers.html#VUID-vkResetCommandBuffer-commandBuffer-00045)
Objects: 2
    [0] VkCommandBuffer 0x5d86a95a2e00
    [1] VkCommandPool 0x240000000024

Validation Error: [ VUID-vkBeginCommandBuffer-commandBuffer-00049 ] | MessageID = 0x84029a9f
vkBeginCommandBuffer(): on active VkCommandBuffer 0x5d86a95a2e00 before it has completed. You must check command buffer fence before this call.
The Vulkan spec states: commandBuffer must not be in the recording or pending state (https://docs.vulkan.org/spec/latest/chapters/cmdbuffers.html#VUID-vkBeginCommandBuffer-commandBuffer-00049)
Objects: 1
    [0] VkCommandBuffer 0x5d86a95a2e00

Validation Error: [ VUID-vkBeginCommandBuffer-commandBuffer-00049 ] | MessageID = 0x84029a9f
vkBeginCommandBuffer(): on active VkCommandBuffer 0x5d86a95a6dc0 before it has completed. You must check command buffer fence before this call.
The Vulkan spec states: commandBuffer must not be in the recording or pending state (https://docs.vulkan.org/spec/latest/chapters/cmdbuffers.html#VUID-vkBeginCommandBuffer-commandBuffer-00049)
Objects: 1
    [0] VkCommandBuffer 0x5d86a95a6dc0

Validation Error: [ VUID-vkBeginCommandBuffer-commandBuffer-00049 ] | MessageID = 0x84029a9f
vkBeginCommandBuffer(): on active VkCommandBuffer 0x5d86a95b7540 before it has completed. You must check command buffer fence before this call.
The Vulkan spec states: commandBuffer must not be in the recording or pending state (https://docs.vulkan.org/spec/latest/chapters/cmdbuffers.html#VUID-vkBeginCommandBuffer-commandBuffer-00049)
Objects: 1
    [0] VkCommandBuffer 0x5d86a95b7540

Validation Error: [ VUID-vkQueueSubmit-pCommandBuffers-00071 ] | MessageID = 0x2e2f4d65
vkQueueSubmit(): pSubmits[0].pCommandBuffers[0] VkCommandBuffer 0x5d86a95b7540 is already in use and is not marked for simultaneous use.
The Vulkan spec states: If any element of the pCommandBuffers member of any element of pSubmits was not recorded with the VK_COMMAND_BUFFER_USAGE_SIMULTANEOUS_USE_BIT, it must not be in the pending state (https://docs.vulkan.org/spec/latest/chapters/cmdbuffers.html#VUID-vkQueueSubmit-pCommandBuffers-00071)

Validation Error: [ VUID-vkBeginCommandBuffer-commandBuffer-00049 ] | MessageID = 0x84029a9f
vkBeginCommandBuffer(): on active VkCommandBuffer 0x5d86a95bd0c0 before it has completed. You must check command buffer fence before this call.
The Vulkan spec states: commandBuffer must not be in the recording or pending state (https://docs.vulkan.org/spec/latest/chapters/cmdbuffers.html#VUID-vkBeginCommandBuffer-commandBuffer-00049)
Objects: 1
    [0] VkCommandBuffer 0x5d86a95bd0c0

Validation Error: [ VUID-vkBeginCommandBuffer-commandBuffer-00049 ] | MessageID = 0x84029a9f
vkBeginCommandBuffer(): on active VkCommandBuffer 0x5d86a95a2e00 before it has completed. You must check command buffer fence before this call.
The Vulkan spec states: commandBuffer must not be in the recording or pending state (https://docs.vulkan.org/spec/latest/chapters/cmdbuffers.html#VUID-vkBeginCommandBuffer-commandBuffer-00049)
Objects: 1
    [0] VkCommandBuffer 0x5d86a95a2e00

Validation Error: [ VUID-vkQueueSubmit-pCommandBuffers-00071 ] | MessageID = 0x2e2f4d65
vkQueueSubmit(): pSubmits[0].pCommandBuffers[0] VkCommandBuffer 0x5d86a95a2e00 is already in use and is not marked for simultaneous use.
The Vulkan spec states: If any element of the pCommandBuffers member of any element of pSubmits was not recorded with the VK_COMMAND_BUFFER_USAGE_SIMULTANEOUS_USE_BIT, it must not be in the pending state (https://docs.vulkan.org/spec/latest/chapters/cmdbuffers.html#VUID-vkQueueSubmit-pCommandBuffers-00071)

Validation Error: [ VUID-vkBeginCommandBuffer-commandBuffer-00049 ] | MessageID = 0x84029a9f
vkBeginCommandBuffer(): on active VkCommandBuffer 0x5d86a8acbe30 before it has completed. You must check command buffer fence before this call.
The Vulkan spec states: commandBuffer must not be in the recording or pending state (https://docs.vulkan.org/spec/latest/chapters/cmdbuffers.html#VUID-vkBeginCommandBuffer-commandBuffer-00049)
Objects: 1
    [0] VkCommandBuffer 0x5d86a8acbe30

Validation Error: [ VUID-vkBeginCommandBuffer-commandBuffer-00049 ] | MessageID = 0x84029a9f
vkBeginCommandBuffer(): on active VkCommandBuffer 0x5d86a95c2e00 before it has completed. You must check command buffer fence before this call.
The Vulkan spec states: commandBuffer must not be in the recording or pending state (https://docs.vulkan.org/spec/latest/chapters/cmdbuffers.html#VUID-vkBeginCommandBuffer-commandBuffer-00049)
Objects: 1
    [0] VkCommandBuffer 0x5d86a95c2e00

Validation Error: [ VUID-vkQueueSubmit-pCommandBuffers-00071 ] | MessageID = 0x2e2f4d65
vkQueueSubmit(): pSubmits[0].pCommandBuffers[0] VkCommandBuffer 0x5d86a95c2e00 is already in use and is not marked for simultaneous use.
The Vulkan spec states: If any element of the pCommandBuffers member of any element of pSubmits was not recorded with the VK_COMMAND_BUFFER_USAGE_SIMULTANEOUS_USE_BIT, it must not be in the pending state (https://docs.vulkan.org/spec/latest/chapters/cmdbuffers.html#VUID-vkQueueSubmit-pCommandBuffers-00071)

Validation Error: [ VUID-vkBeginCommandBuffer-commandBuffer-00049 ] | MessageID = 0x84029a9f
vkBeginCommandBuffer(): on active VkCommandBuffer 0x5d86a95c2e00 before it has completed. You must check command buffer fence before this call.
The Vulkan spec states: commandBuffer must not be in the recording or pending state (https://docs.vulkan.org/spec/latest/chapters/cmdbuffers.html#VUID-vkBeginCommandBuffer-commandBuffer-00049)
Objects: 1
    [0] VkCommandBuffer 0x5d86a95c2e00

Validation Error: [ VUID-vkBeginCommandBuffer-commandBuffer-00049 ] | MessageID = 0x84029a9f
vkBeginCommandBuffer(): on active VkCommandBuffer 0x5d86a95a2e00 before it has completed. You must check command buffer fence before this call.
The Vulkan spec states: commandBuffer must not be in the recording or pending state (https://docs.vulkan.org/spec/latest/chapters/cmdbuffers.html#VUID-vkBeginCommandBuffer-commandBuffer-00049)
Objects: 1
    [0] VkCommandBuffer 0x5d86a95a2e00

Validation Error: [ VUID-vkBeginCommandBuffer-commandBuffer-00049 ] | MessageID = 0x84029a9f
(Warning - This VUID has now been reported 10 times, which is the duplicate_message_limit value, this will be the last time reporting it).
vkBeginCommandBuffer(): on active VkCommandBuffer 0x5d86a95a2e00 before it has completed. You must check command buffer fence before this call.
The Vulkan spec states: commandBuffer must not be in the recording or pending state (https://docs.vulkan.org/spec/latest/chapters/cmdbuffers.html#VUID-vkBeginCommandBuffer-commandBuffer-00049)
Objects: 1
    [0] VkCommandBuffer 0x5d86a95a2e00

Validation Error: [ VUID-vkQueueSubmit-pCommandBuffers-00071 ] | MessageID = 0x2e2f4d65
vkQueueSubmit(): pSubmits[0].pCommandBuffers[0] VkCommandBuffer 0x5d86a95a2e00 is already in use and is not marked for simultaneous use.
The Vulkan spec states: If any element of the pCommandBuffers member of any element of pSubmits was not recorded with the VK_COMMAND_BUFFER_USAGE_SIMULTANEOUS_USE_BIT, it must not be in the pending state (https://docs.vulkan.org/spec/latest/chapters/cmdbuffers.html#VUID-vkQueueSubmit-pCommandBuffers-00071)

Validation Error: [ VUID-vkQueueSubmit-pCommandBuffers-00071 ] | MessageID = 0x2e2f4d65
vkQueueSubmit(): pSubmits[0].pCommandBuffers[0] VkCommandBuffer 0x5d86a95c2e00 is already in use and is not marked for simultaneous use.
The Vulkan spec states: If any element of the pCommandBuffers member of any element of pSubmits was not recorded with the VK_COMMAND_BUFFER_USAGE_SIMULTANEOUS_USE_BIT, it must not be in the pending state (https://docs.vulkan.org/spec/latest/chapters/cmdbuffers.html#VUID-vkQueueSubmit-pCommandBuffers-00071)

Validation Error: [ VUID-VkImageMemoryBarrier-oldLayout-01197 ] | MessageID = 0x124ffb34
vkCmdPipelineBarrier(): pImageMemoryBarriers[0].image (VkImage 0xb4a0000000b4a[NewSharedVulkanImageHelper]) cannot transition the layout of aspect=1, level=0, layer=0 from VK_IMAGE_LAYOUT_GENERAL when the previously used layout is VK_IMAGE_LAYOUT_SHADER_READ_ONLY_OPTIMAL.
The Vulkan spec states: If layouts are not ignored, oldLayout must be VK_IMAGE_LAYOUT_UNDEFINED or the current layout of the image subresources affected by the barrier (https://docs.vulkan.org/spec/latest/chapters/synchronization.html#VUID-VkImageMemoryBarrier-oldLayout-01197)
Objects: 2
    [0] VkCommandBuffer 0x5d86a8ab5360
    [1] VkImage 0xb4a0000000b4a[NewSharedVulkanImageHelper]

Validation Error: [ VUID-VkImageMemoryBarrier-oldLayout-01197 ] | MessageID = 0x124ffb34
vkCmdPipelineBarrier(): pImageMemoryBarriers[0].image (VkImage 0xb4a0000000b4a[NewSharedVulkanImageHelper]) cannot transition the layout of aspect=1, level=0, layer=0 from VK_IMAGE_LAYOUT_GENERAL when the previously used layout is VK_IMAGE_LAYOUT_SHADER_READ_ONLY_OPTIMAL.
The Vulkan spec states: If layouts are not ignored, oldLayout must be VK_IMAGE_LAYOUT_UNDEFINED or the current layout of the image subresources affected by the barrier (https://docs.vulkan.org/spec/latest/chapters/synchronization.html#VUID-VkImageMemoryBarrier-oldLayout-01197)
Objects: 2
    [0] VkCommandBuffer 0x5d86a8ab5360
    [1] VkImage 0xb4a0000000b4a[NewSharedVulkanImageHelper]

Validation Error: [ VUID-vkCmdDraw-imageLayout-00344 ] | MessageID = 0xf062410c
vkCmdDraw(): Cannot use VkImage 0x9df00000009df[Blur:ping] (layer 0, mip 1) with specific layout VK_IMAGE_LAYOUT_SHADER_READ_ONLY_OPTIMAL (specified by sampled image descriptor [VkDescriptorSet 0x1ace0000001ace, Set 0, Binding 9, Index 0]) that doesn't match the previous known layout VK_IMAGE_LAYOUT_COLOR_ATTACHMENT_OPTIMAL.
The Vulkan spec states: If an image descriptor is accessed by a shader, the VkImageLayout must match the subresource accessible from the VkImageView as defined by the image layout matching rules (https://docs.vulkan.org/spec/latest/chapters/drawing.html#VUID-vkCmdDraw-imageLayout-00344)
Objects: 4
    [0] VkPipeline 0x1ad10000001ad1
    [1] VkDescriptorSet 0x1ace0000001ace
    [2] VkImage 0x9df00000009df[Blur:ping]
    [3] VkImageView 0x9e700000009e7[ImageViewLOD1]

Validation Error: [ VUID-vkCmdDraw-imageLayout-00344 ] | MessageID = 0xf062410c
vkCmdDraw(): Cannot use VkImage 0x9e200000009e2[Blur:pong] (layer 0, mip 1) with specific layout VK_IMAGE_LAYOUT_SHADER_READ_ONLY_OPTIMAL (specified by sampled image descriptor [VkDescriptorSet 0x1ad90000001ad9, Set 0, Binding 9, Index 0]) that doesn't match the previous known layout VK_IMAGE_LAYOUT_COLOR_ATTACHMENT_OPTIMAL.
The Vulkan spec states: If an image descriptor is accessed by a shader, the VkImageLayout must match the subresource accessible from the VkImageView as defined by the image layout matching rules (https://docs.vulkan.org/spec/latest/chapters/drawing.html#VUID-vkCmdDraw-imageLayout-00344)
Objects: 4
    [0] VkPipeline 0x1add0000001add
    [1] VkDescriptorSet 0x1ad90000001ad9
    [2] VkImage 0x9e200000009e2[Blur:pong]
    [3] VkImageView 0x9e800000009e8[ImageViewLOD1]

Validation Error: [ VUID-vkCmdDraw-imageLayout-00344 ] | MessageID = 0xf062410c
vkCmdDraw(): Cannot use VkImage 0x9df00000009df[Blur:ping] (layer 0, mip 2) with specific layout VK_IMAGE_LAYOUT_SHADER_READ_ONLY_OPTIMAL (specified by sampled image descriptor [VkDescriptorSet 0x1ae40000001ae4, Set 0, Binding 9, Index 0]) that doesn't match the previous known layout VK_IMAGE_LAYOUT_COLOR_ATTACHMENT_OPTIMAL.
The Vulkan spec states: If an image descriptor is accessed by a shader, the VkImageLayout must match the subresource accessible from the VkImageView as defined by the image layout matching rules (https://docs.vulkan.org/spec/latest/chapters/drawing.html#VUID-vkCmdDraw-imageLayout-00344)
Objects: 4
    [0] VkPipeline 0x1ae70000001ae7
    [1] VkDescriptorSet 0x1ae40000001ae4
    [2] VkImage 0x9df00000009df[Blur:ping]
    [3] VkImageView 0x9e900000009e9[ImageViewLOD2]

Validation Error: [ VUID-vkCmdDraw-imageLayout-00344 ] | MessageID = 0xf062410c
vkCmdDraw(): Cannot use VkImage 0x9e200000009e2[Blur:pong] (layer 0, mip 2) with specific layout VK_IMAGE_LAYOUT_SHADER_READ_ONLY_OPTIMAL (specified by sampled image descriptor [VkDescriptorSet 0x1aef0000001aef, Set 0, Binding 9, Index 0]) that doesn't match the previous known layout VK_IMAGE_LAYOUT_COLOR_ATTACHMENT_OPTIMAL.
The Vulkan spec states: If an image descriptor is accessed by a shader, the VkImageLayout must match the subresource accessible from the VkImageView as defined by the image layout matching rules (https://docs.vulkan.org/spec/latest/chapters/drawing.html#VUID-vkCmdDraw-imageLayout-00344)
Objects: 4
    [0] VkPipeline 0x1af30000001af3
    [1] VkDescriptorSet 0x1aef0000001aef
    [2] VkImage 0x9e200000009e2[Blur:pong]
    [3] VkImageView 0x9ea00000009ea[ImageViewLOD2]

Validation Error: [ VUID-vkCmdDraw-imageLayout-00344 ] | MessageID = 0xf062410c
vkCmdDraw(): Cannot use VkImage 0x9df00000009df[Blur:ping] (layer 0, mip 3) with specific layout VK_IMAGE_LAYOUT_SHADER_READ_ONLY_OPTIMAL (specified by sampled image descriptor [VkDescriptorSet 0x1afa0000001afa, Set 0, Binding 9, Index 0]) that doesn't match the previous known layout VK_IMAGE_LAYOUT_COLOR_ATTACHMENT_OPTIMAL.
The Vulkan spec states: If an image descriptor is accessed by a shader, the VkImageLayout must match the subresource accessible from the VkImageView as defined by the image layout matching rules (https://docs.vulkan.org/spec/latest/chapters/drawing.html#VUID-vkCmdDraw-imageLayout-00344)
Objects: 4
    [0] VkPipeline 0x1afd0000001afd
    [1] VkDescriptorSet 0x1afa0000001afa
    [2] VkImage 0x9df00000009df[Blur:ping]
    [3] VkImageView 0x9eb00000009eb[ImageViewLOD3]

Validation Error: [ VUID-vkCmdDraw-imageLayout-00344 ] | MessageID = 0xf062410c
vkCmdDraw(): Cannot use VkImage 0x9e200000009e2[Blur:pong] (layer 0, mip 3) with specific layout VK_IMAGE_LAYOUT_SHADER_READ_ONLY_OPTIMAL (specified by sampled image descriptor [VkDescriptorSet 0x1b050000001b05, Set 0, Binding 9, Index 0]) that doesn't match the previous known layout VK_IMAGE_LAYOUT_COLOR_ATTACHMENT_OPTIMAL.
The Vulkan spec states: If an image descriptor is accessed by a shader, the VkImageLayout must match the subresource accessible from the VkImageView as defined by the image layout matching rules (https://docs.vulkan.org/spec/latest/chapters/drawing.html#VUID-vkCmdDraw-imageLayout-00344)
Objects: 4
    [0] VkPipeline 0x1b090000001b09
    [1] VkDescriptorSet 0x1b050000001b05
    [2] VkImage 0x9e200000009e2[Blur:pong]
    [3] VkImageView 0x9ec00000009ec[ImageViewLOD3]

Validation Error: [ VUID-vkCmdDraw-imageLayout-00344 ] | MessageID = 0xf062410c
vkCmdDraw(): Cannot use VkImage 0x9df00000009df[Blur:ping] (layer 0, mip 4) with specific layout VK_IMAGE_LAYOUT_SHADER_READ_ONLY_OPTIMAL (specified by sampled image descriptor [VkDescriptorSet 0x1b100000001b10, Set 0, Binding 9, Index 0]) that doesn't match the previous known layout VK_IMAGE_LAYOUT_COLOR_ATTACHMENT_OPTIMAL.
The Vulkan spec states: If an image descriptor is accessed by a shader, the VkImageLayout must match the subresource accessible from the VkImageView as defined by the image layout matching rules (https://docs.vulkan.org/spec/latest/chapters/drawing.html#VUID-vkCmdDraw-imageLayout-00344)
Objects: 4
    [0] VkPipeline 0x1b130000001b13
    [1] VkDescriptorSet 0x1b100000001b10
    [2] VkImage 0x9df00000009df[Blur:ping]
    [3] VkImageView 0x9ed00000009ed[ImageViewLOD4]

Validation Error: [ VUID-vkCmdDraw-imageLayout-00344 ] | MessageID = 0xf062410c
vkCmdDraw(): Cannot use VkImage 0x9e200000009e2[Blur:pong] (layer 0, mip 4) with specific layout VK_IMAGE_LAYOUT_SHADER_READ_ONLY_OPTIMAL (specified by sampled image descriptor [VkDescriptorSet 0x1b1b0000001b1b, Set 0, Binding 9, Index 0]) that doesn't match the previous known layout VK_IMAGE_LAYOUT_COLOR_ATTACHMENT_OPTIMAL.
The Vulkan spec states: If an image descriptor is accessed by a shader, the VkImageLayout must match the subresource accessible from the VkImageView as defined by the image layout matching rules (https://docs.vulkan.org/spec/latest/chapters/drawing.html#VUID-vkCmdDraw-imageLayout-00344)
Objects: 4
    [0] VkPipeline 0x1b1f0000001b1f
    [1] VkDescriptorSet 0x1b1b0000001b1b
    [2] VkImage 0x9e200000009e2[Blur:pong]
    [3] VkImageView 0x9ee00000009ee[ImageViewLOD4]

Validation Error: [ VUID-vkCmdDraw-imageLayout-00344 ] | MessageID = 0xf062410c
vkCmdDraw(): Cannot use VkImage 0x9df00000009df[Blur:ping] (layer 0, mip 5) with specific layout VK_IMAGE_LAYOUT_SHADER_READ_ONLY_OPTIMAL (specified by sampled image descriptor [VkDescriptorSet 0x1b260000001b26, Set 0, Binding 9, Index 0]) that doesn't match the previous known layout VK_IMAGE_LAYOUT_COLOR_ATTACHMENT_OPTIMAL.
The Vulkan spec states: If an image descriptor is accessed by a shader, the VkImageLayout must match the subresource accessible from the VkImageView as defined by the image layout matching rules (https://docs.vulkan.org/spec/latest/chapters/drawing.html#VUID-vkCmdDraw-imageLayout-00344)
Objects: 4
    [0] VkPipeline 0x1b290000001b29
    [1] VkDescriptorSet 0x1b260000001b26
    [2] VkImage 0x9df00000009df[Blur:ping]
    [3] VkImageView 0x9ef00000009ef[ImageViewLOD5]

Validation Error: [ VUID-vkCmdDraw-imageLayout-00344 ] | MessageID = 0xf062410c
(Warning - This VUID has now been reported 10 times, which is the duplicate_message_limit value, this will be the last time reporting it).
vkCmdDraw(): Cannot use VkImage 0x9e200000009e2[Blur:pong] (layer 0, mip 5) with specific layout VK_IMAGE_LAYOUT_SHADER_READ_ONLY_OPTIMAL (specified by sampled image descriptor [VkDescriptorSet 0x1b320000001b32, Set 0, Binding 9, Index 0]) that doesn't match the previous known layout VK_IMAGE_LAYOUT_COLOR_ATTACHMENT_OPTIMAL.
The Vulkan spec states: If an image descriptor is accessed by a shader, the VkImageLayout must match the subresource accessible from the VkImageView as defined by the image layout matching rules (https://docs.vulkan.org/spec/latest/chapters/drawing.html#VUID-vkCmdDraw-imageLayout-00344)
Objects: 4
    [0] VkPipeline 0x1b350000001b35
    [1] VkDescriptorSet 0x1b320000001b32
    [2] VkImage 0x9e200000009e2[Blur:pong]
    [3] VkImageView 0x9f000000009f0[ImageViewLOD5]

Validation Error: [ VUID-VkImageMemoryBarrier-oldLayout-01197 ] | MessageID = 0x124ffb34
vkCmdPipelineBarrier(): pImageMemoryBarriers[0].image (VkImage 0xb4a0000000b4a[NewSharedVulkanImageHelper]) cannot transition the layout of aspect=1, level=0, layer=0 from VK_IMAGE_LAYOUT_GENERAL when the previous known layout is VK_IMAGE_LAYOUT_SHADER_READ_ONLY_OPTIMAL.
The Vulkan spec states: If layouts are not ignored, oldLayout must be VK_IMAGE_LAYOUT_UNDEFINED or the current layout of the image subresources affected by the barrier (https://docs.vulkan.org/spec/latest/chapters/synchronization.html#VUID-VkImageMemoryBarrier-oldLayout-01197)
Objects: 2
    [0] VkCommandBuffer 0x5d86a95bd0c0
    [1] VkImage 0xb4a0000000b4a[NewSharedVulkanImageHelper]

