Mesa version: 26.0.8-1ubuntu0.3
Device name: AMD Radeon RX 7800 XT (RADV NAVI32) (DRM 3.64.0 / 7.3.0-rc1-spacy2026090103)

Device info:
    name = NAVI32
    marketing_name = AMD Radeon RX 7800 XT
    dev_filename = /dev/dri/renderD128
    num_se = 3
    num_rb = 12
    num_cu = 60
    max_gpu_freq = 2213 MHz
    max_gflops = 33991 GFLOPS
    sqc_inst_cache_size = 32 KB (1 per WGP)
    sqc_scalar_cache_size = 16 KB (1 per WGP)
    tcp_cache_size = 32 KB
    l1_cache_size = 256 KB
    l2_cache_size = 4096 KB
    l3_cache_size = 64 MB
    memory_channels = 16 (TCC blocks)
    memory_size = 16 GB (16384 MB)
    memory_freq = 20 GHz
    memory_bus_width = 256 bits
    memory_bandwidth = 624 GB/s
    pcie_gen = 4
    pcie_num_lanes = 16
    pcie_bandwidth = 31.5 GB/s
    clock_crystal_freq = 100000 KHz
    IP GFX     11.0 	queues:1 	align:256 	pad_dw:0x7
    IP COMPUTE 11.0 	queues:4 	align:256 	pad_dw:0x7
    IP SDMA     6.0 	queues:2 	align:256 	pad_dw:0xf
    IP VCN      4.0 	queues:1 	align:256 	pad_dw:0x3f
    IP VCN_JPEG  4.0 	queues:1 	align:256 	pad_dw:0xf
Identification:
    pci (domain:bus:dev.func): 0000:0d:00.0
    pci_id = 0x747e
    pci_rev_id = 0xc8
    family = 88
    gfx_level = 14
    family_id = 145
    chip_external_rev = 32
    chip_rev = 0
Flags:
    family_overridden = 0
    has_graphics = 1
    has_clear_state = 0
    has_distributed_tess = 1
    has_dcc_constant_encode = 1
    has_rbplus = 1
    rbplus_allowed = 1
    has_load_ctx_reg_pkt = 1
    has_out_of_order_rast = 0
    cpdma_prefetch_writes_memory = 0
    has_gfx9_scissor_bug = 0
    has_htile_stencil_mipmap_bug = 0
    has_htile_tc_z_clear_bug_without_stencil = 0
    has_htile_tc_z_clear_bug_with_stencil = 0
    has_small_prim_filter_sample_loc_bug = 0
    has_ls_vgpr_init_bug = 0
    has_pops_missed_overlap_bug = 0
    has_32bit_predication = 1
    has_3d_cube_border_color_mipmap = 1
    has_image_opcodes = 1
    never_stop_sq_perf_counters = 0
    has_sqtt_rb_harvest_bug = 0
    has_sqtt_auto_flush_mode_bug = 0
    never_send_perfcounter_stop = 1
    discardable_allows_big_page = 1
    has_taskmesh_indirect0_bug = 0
    has_set_context_pairs = 0
    has_set_context_pairs_packed = 1
    has_set_sh_pairs = 0
    has_set_sh_pairs_packed = 0
    has_set_uconfig_pairs = 0
    conformant_trunc_coord = 1
    mesh_fast_launch_2 = 1
Display features:
    use_display_dcc_unaligned = 0
    use_display_dcc_with_retile_blit = 1
Memory info:
    pte_fragment_size = 2097152
    gart_page_size = 4096
    gart_size = 23537 MB
    vram_size = 16384 MB
    vram_vis_size = 16368 MB
    vram_type = 9
    max_heap_size_kb = 16384 MB
    min_alloc_size = 0
    address32_hi = 0xffff8000
    has_dedicated_vram = 1
    all_vram_visible = 1
    virtual_address_max = 800000000000
    max_tcc_blocks = 16
    tcc_cache_line_size = 128
    tcc_rb_non_coherent = 0
    cp_sdma_ge_use_system_memory_scope = 0
    pc_lines = 1024
    lds_size_per_workgroup = 65536
    lds_alloc_granularity = 1024
    max_memory_clock = 1218 MHz
CP info:
    gfx_ib_pad_with_type2 = 0
    can_chain_ib2 = 1
    has_cp_dma = 1
    me_fw_version = 2380
    me_fw_feature = 29
    mec_fw_version = 2590
    mec_fw_feature = 29
    pfp_fw_version = 2520
    pfp_fw_feature = 29
Userqueue info:
    userq_ip_mask = 0
Multimedia info:
    vcn_unified = 2
    vcn_enc_major_version = 1
    vcn_enc_minor_version = 23
    vcn_dec_version = 9
    jpeg_decode = 1
    codec    dec  max_resolution   enc  max_resolution  
    mpeg2    -    -                -    -               
    mpeg4    -    -                -    -               
    vc1      -    -                -    -               
    h264     *    4096x4096        *    4096x4096       
    hevc     *    8192x4352        *    8192x4352       
    jpeg     *    16384x16384      -    -               
    vp9      *    8192x4352        -    -               
    av1      *    8192x4352        *    8192x4352       
Kernel & winsys capabilities:
    drm = 3.64.0
    has_userptr = 1
    has_timeline_syncobj = 1
    has_vm_always_valid = 1
    has_bo_metadata = 1
    has_eqaa_surface_allocator = 0
    has_sparse = 1
    has_stable_pstate = 1
    has_gang_submit = 1
    has_gpuvm_fault_query = 1
    has_kernelq_reg_shadowing = 0
    has_default_zerovram_support = 1
    has_tmz_support = 0
    has_trap_handler_support = 0
    IP GFX     max_submitted_ibs = 192
    IP COMPUTE max_submitted_ibs = 125
    IP SDMA    max_submitted_ibs = 49
    IP UVD     max_submitted_ibs = 1
    IP VCE     max_submitted_ibs = 1
    IP UVD_ENC max_submitted_ibs = 1
    IP VCN_DEC max_submitted_ibs = 1
    IP VCN     max_submitted_ibs = 1
    IP VCN_JPEG max_submitted_ibs = 16
    IP VPE     max_submitted_ibs = 49
    kernel_has_modifiers = 1
    uses_kernel_cu_mask = 0
Shader core info:
    cu_mask[SE0][SA0] = 0x3ff 	(10)	CU_EN = 0x3ff
    cu_mask[SE0][SA1] = 0x3ff 	(10)	CU_EN = 0x3ff
    cu_mask[SE1][SA0] = 0x3ff 	(10)	CU_EN = 0x3ff
    cu_mask[SE1][SA1] = 0x3ff 	(10)	CU_EN = 0x3ff
    cu_mask[SE2][SA0] = 0x3ff 	(10)	CU_EN = 0x3ff
    cu_mask[SE2][SA1] = 0x3ff 	(10)	CU_EN = 0x3ff
    spi_cu_en_has_effect = 0
    max_good_cu_per_sa = 10
    min_good_cu_per_sa = 10
    max_se = 3
    max_sa_per_se = 2
    num_cu_per_sh = 10
    max_waves_per_simd = 16
    num_physical_sgprs_per_simd = 1728
    num_physical_wave64_vgprs_per_simd = 768
    num_simd_per_compute_unit = 2
    min_sgpr_alloc = 108
    max_sgpr_alloc = 108
    sgpr_alloc_granularity = 108
    min_wave64_vgpr_alloc = 12
    max_vgpr_alloc = 256
    wave64_vgpr_alloc_granularity = 12
    max_scratch_waves = 1920
    has_scratch_base_registers = 1
Ring info:
    attribute_ring_size_per_se = 1408 KB
    total_attribute_pos_prim_ring_size = 4224 KB
    hs_offchip_workgroup_size = 32768 B
    tess_factor_ring_size = 180 KB
    tess_offchip_ring_size = 7680 KB
Render backend info:
    pa_sc_tile_steering_override = 0x0
    max_render_backends = 12
    num_tile_pipes = 16
    enabled_rb_mask = 0xfff
    max_alignment = 262144
    pbb_max_alloc_count = 16
GB_ADDR_CONFIG: 0x00000444
    num_pipes = 16
    pipe_interleave_size = 256
    max_compressed_frags = 2
    num_pkrs = 16
Modifiers (32bpp):
    GFX11,64KB_R_X,PIPE_XOR_BITS=4,PACKERS=4,DCC,DCC_MAX_COMPRESSED_BLOCK=128B,DCC_INDEPENDENT_128B,DCC_PIPE_ALIGN
    GFX11,64KB_R_X,PIPE_XOR_BITS=4,PACKERS=4,DCC,DCC_MAX_COMPRESSED_BLOCK=128B,DCC_INDEPENDENT_128B,DCC_RETILE
    GFX11,64KB_R_X,PIPE_XOR_BITS=4,PACKERS=4,DCC,DCC_MAX_COMPRESSED_BLOCK=64B,DCC_INDEPENDENT_64B,DCC_INDEPENDENT_128B,DCC_RETILE
    GFX11,64KB_R_X,PIPE_XOR_BITS=4,PACKERS=4
    GFX11,256KB_R_X,PIPE_XOR_BITS=4,PACKERS=4,DCC,DCC_MAX_COMPRESSED_BLOCK=128B,DCC_INDEPENDENT_128B,DCC_PIPE_ALIGN
    GFX11,256KB_R_X,PIPE_XOR_BITS=4,PACKERS=4,DCC,DCC_MAX_COMPRESSED_BLOCK=128B,DCC_INDEPENDENT_128B,DCC_RETILE
    GFX11,256KB_R_X,PIPE_XOR_BITS=4,PACKERS=4,DCC,DCC_MAX_COMPRESSED_BLOCK=64B,DCC_INDEPENDENT_64B,DCC_INDEPENDENT_128B,DCC_RETILE
    GFX11,256KB_R_X,PIPE_XOR_BITS=4,PACKERS=4
    GFX11,4KB_D_X,PIPE_XOR_BITS=4,PACKERS=4
    GFX11,64KB_D
    LINEAR
